mvn : WARNING: A restricted method in java.lang.System has been called
At line:1 char:49
+ ... saster-management"; mvn clean compile 2>&1 > build_output.txt; Select ...
+                         ~~~~~~~~~~~~~~~~~~~~~~~~~~~~~~~~~~~~~~~~~
    + CategoryInfo          : NotSpecified: (WARNING: A rest...has been called:String) [], RemoteException
    + FullyQualifiedErrorId : NativeCommandError
 
WARNING: java.lang.System::load has been called by org.fusesource.jansi.internal.JansiLoader in an unnamed module 
(file:/C:/Program%20Files/Apache/Maven/apache-maven-3.8.9/lib/jansi-2.4.0.jar)
WARNING: Use --enable-native-access=ALL-UNNAMED to avoid a warning for callers in this module
WARNING: Restricted methods will be blocked in a future release unless native access is enabled

WARNING: A terminally deprecated method in sun.misc.Unsafe has been called
WARNING: sun.misc.Unsafe::objectFieldOffset has been called by 
com.google.common.util.concurrent.AbstractFuture$UnsafeAtomicHelper 
(file:/C:/Program%20Files/Apache/Maven/apache-maven-3.8.9/lib/guava-25.1-android.jar)
WARNING: Please consider reporting this to the maintainers of class 
com.google.common.util.concurrent.AbstractFuture$UnsafeAtomicHelper
WARNING: sun.misc.Unsafe::objectFieldOffset will be removed in a future release
[INFO] Scanning for projects...
[INFO] 
[INFO] ---------< com.example.disastermanagement:disaster-management >---------
[INFO] Building disaster-management 0.0.1-SNAPSHOT
[INFO]   from pom.xml
[INFO] --------------------------------[ jar ]---------------------------------
[INFO] 
[INFO] --- maven-clean-plugin:3.4.1:clean (default-clean) @ disaster-management ---
[INFO] Deleting C:\Disaster Mangement\disaster-management\target
[INFO] 
[INFO] --- maven-resources-plugin:3.3.1:resources (default-resources) @ disaster-management ---
[INFO] Copying 2 resources from src\main\resources to target\classes
[INFO] Copying 0 resource from src\main\resources to target\classes
[INFO] 
[INFO] --- maven-compiler-plugin:3.14.1:compile (default-compile) @ disaster-management ---
[INFO] Recompiling the module because of changed source code.
[INFO] Compiling 21 source files with javac [debug parameters release 21] to target\classes
[INFO] -------------------------------------------------------------
[ERROR] COMPILATION ERROR : 
[INFO] -------------------------------------------------------------
[ERROR] /C:/Disaster Mangement/disaster-management/src/main/java/com/example/disastermanagement/service/DisasterReportService.java:[4,49] cannot access com.example.disastermanagement.repository.DisasterReportRepository
  bad source file: C:\Disaster Mangement\disaster-management\src\main\java\com\example\disastermanagement\repository\DisasterReportRepository.java
    file does not contain class com.example.disastermanagement.repository.DisasterReportRepository
    Please remove or make sure it appears in the correct subdirectory of the sourcepath.
[ERROR] /C:/Disaster Mangement/disaster-management/src/main/java/com/example/disastermanagement/service/DisasterReportService.java:[13,19] cannot find symbol
  symbol:   class DisasterReportRepository
  location: class com.example.disastermanagement.service.DisasterReportService
[ERROR] /C:/Disaster Mangement/disaster-management/src/main/java/com/example/disastermanagement/service/DisasterReportService.java:[15,34] cannot find symbol
  symbol:   class DisasterReportRepository
  location: class com.example.disastermanagement.service.DisasterReportService
[INFO] 3 errors 
[INFO] -------------------------------------------------------------
[INFO] ------------------------------------------------------------------------
[INFO] BUILD FAILURE
[INFO] ------------------------------------------------------------------------
[INFO] Total time:  1.755 s
[INFO] Finished at: 2025-11-16T18:25:28+05:30
[INFO] ------------------------------------------------------------------------
[ERROR] Failed to execute goal org.apache.maven.plugins:maven-compiler-plugin:3.14.1:compile (default-compile) on project disaster-management: Compilation failure: Compilation failure: 
[ERROR] /C:/Disaster Mangement/disaster-management/src/main/java/com/example/disastermanagement/service/DisasterReportService.java:[4,49] cannot access com.example.disastermanagement.repository.DisasterReportRepository
[ERROR]   bad source file: C:\Disaster Mangement\disaster-management\src\main\java\com\example\disastermanagement\repository\DisasterReportRepository.java
[ERROR]     file does not contain class com.example.disastermanagement.repository.DisasterReportRepository
[ERROR]     Please remove or make sure it appears in the correct subdirectory of the sourcepath.
[ERROR] /C:/Disaster Mangement/disaster-management/src/main/java/com/example/disastermanagement/service/DisasterReportService.java:[13,19] cannot find symbol
[ERROR]   symbol:   class DisasterReportRepository
[ERROR]   location: class com.example.disastermanagement.service.DisasterReportService
[ERROR] /C:/Disaster Mangement/disaster-management/src/main/java/com/example/disastermanagement/service/DisasterReportService.java:[15,34] cannot find symbol
[ERROR]   symbol:   class DisasterReportRepository
[ERROR]   location: class com.example.disastermanagement.service.DisasterReportService
[ERROR] -> [Help 1]
[ERROR] 
[ERROR] To see the full stack trace of the errors, re-run Maven with the -e switch.
[ERROR] Re-run Maven using the -X switch to enable full debug logging.
[ERROR] 
[ERROR] For more information about the errors and possible solutions, please read the following articles:
[ERROR] [Help 1] http://cwiki.apache.org/confluence/display/MAVEN/MojoFailureException
